// Jest Snapshot v1, https://goo.gl/fbAQLP

exports[`simple catalog item header 1`] = `
<DocumentFragment>
  <header
    class="catalog-item-header-pf"
  >
    <div
      class="catalog-item-header-pf-text"
    >
      <h1
        class="pf-v6-c-title pf-m-h1 catalog-item-header-pf-title"
        data-ouia-component-id="OUIA-Generated-Title-1"
        data-ouia-component-type="PF6/Title"
        data-ouia-safe="true"
      >
        PatternFly
      </h1>
      <p
        class="pf-v6-c-content--p catalog-item-header-pf-subtitle"
        data-ouia-component-id="OUIA-Generated-Content-1"
        data-ouia-component-type="PF6/Content"
        data-ouia-safe="true"
        data-pf-content="true"
      >
        <span>
          provided by 
          <a
            href="redhat.com"
          >
            Red Hat
          </a>
        </span>
      </p>
    </div>
  </header>
</DocumentFragment>
`;
